PS C:\Users\llm\jobs\test-mirrors> uv run .\test_pypi_mirrors.py

0527
镜像站名称          最新稳定版     列表耗时    下载速度
北京外国语大学      2.21.0         188ms       11.03MB/s
北京大学            2.21.0         307ms       10.74MB/s
清华大学            2.21.0         347ms       10.65MB/s
中国科学技术大学    2.21.0         245ms       10.48MB/s
上海交通大学        2.21.0         879ms       10.37MB/s
腾讯云              2.21.0         405ms       10.07MB/s
华为云              2.21.0         278ms       9.82MB/s
浙江大学            2.21.0         257ms       9.02MB/s
南京工业大学        2.12.0         323ms       7.49MB/s
阿里云              2.21.0         1173ms      0.55MB/s
PyPI                2.21.0         12559ms     0.01MB/s

0528
镜像站名称          最新稳定版     列表耗时    下载速度
清华大学            2.21.0         352ms       10.57MB/s
中国科学技术大学    2.21.0         304ms       10.55MB/s
北京大学            2.21.0         356ms       10.34MB/s
上海交通大学        2.21.0         856ms       10.12MB/s
华为云              2.21.0         270ms       9.74MB/s
北京外国语大学      2.21.0         187ms       9.11MB/s
浙江大学            2.21.0         313ms       7.25MB/s
南京工业大学        2.12.0         374ms       4.94MB/s
腾讯云              2.21.0         557ms       2.32MB/s
阿里云              2.21.0         543ms       1.97MB/s
PyPI                2.21.0         52438ms     0.10MB/s

0529
镜像站名称          最新稳定版     列表耗时    下载速度
北京外国语大学      2.21.0         459ms       10.89MB/s
北京大学            2.21.0         358ms       10.57MB/s
清华大学            2.21.0         375ms       10.55MB/s
腾讯云              2.21.0         460ms       10.08MB/s
中国科学技术大学    2.21.0         715ms       9.34MB/s
南京工业大学        2.12.0         343ms       8.43MB/s
上海交通大学        2.21.0         1940ms      5.74MB/s
华为云              2.21.0         268ms       2.67MB/s
阿里云              2.21.0         1860ms      0.36MB/s
浙江大学            2.21.0         2422ms      0.13MB/s
PyPI                2.21.0         1815ms      0.05MB/s

0531
镜像站名称          最新稳定版     列表耗时    下载速度
北京外国语大学      2.21.0         217ms       10.84MB/s
清华大学            2.21.0         318ms       10.77MB/s
中国科学技术大学    2.21.0         219ms       10.55MB/s
北京大学            2.21.0         331ms       10.23MB/s
上海交通大学        2.21.0         831ms       10.19MB/s
南京工业大学        2.12.0         376ms       4.92MB/s
浙江大学            2.21.0         289ms       2.44MB/s
腾讯云              2.21.0         441ms       2.39MB/s
阿里云              2.21.0         751ms       1.00MB/s
华为云              2.21.0         477ms       0.70MB/s
PyPI                2.21.0         39024ms     0.03MB/s

0601
镜像站名称          最新稳定版     列表耗时    下载速度
北京外国语大学      2.21.0         287ms       10.93MB/s
北京大学            2.21.0         357ms       10.60MB/s
上海交通大学        2.21.0         1305ms      9.78MB/s
华为云              2.21.0         236ms       9.74MB/s
中国科学技术大学    2.21.0         353ms       9.52MB/s
清华大学            2.21.0         719ms       9.35MB/s
南京工业大学        2.12.0         346ms       9.20MB/s
腾讯云              2.21.0         476ms       4.98MB/s
浙江大学            2.21.0         1416ms      4.09MB/s
阿里云              2.21.0         604ms       2.52MB/s
PyPI                2.21.0         2500ms      0.04MB/s

0602
镜像站名称          最新稳定版     列表耗时    下载速度
--------------------------------------------------------------
北京外国语大学      2.21.0         151ms       10.74MB/s
华为云              2.21.0         251ms       9.80MB/s
上海交通大学        2.21.0         2083ms      7.19MB/s
清华大学            2.21.0         2616ms      5.08MB/s
南京工业大学        2.12.0         316ms       5.03MB/s
北京大学            2.21.0         314ms       2.99MB/s
腾讯云              2.21.0         456ms       2.81MB/s
阿里云              2.21.0         700ms       0.79MB/s
浙江大学            2.21.0         1568ms      0.25MB/s
中国科学技术大学    2.21.0         879ms       0.18MB/s
PyPI                2.21.0         36155ms     0.12MB/s
